02-15 09:49:05.707 17861 19671 I AudioSystem: getDeviceConnectionState , Connecting to the Bluetooth device
02-15 09:49:05.707 17861 19671 I IAudioPolicyService: getDeviceConnectionState, BpAudioPolicy: Bluetooth device
02-15 09:49:05.707   762  5354 I IAudioPolicyService: onTransact, BnAudioPolicy Binder transaction: Bluetooth device
02-15 09:49:05.707   762  5354 I APM_AudioPolicyManager: AudioPolicyManager: Bluetooth device
02-15 09:49:05.707 17861 19671 V AudioManager: isWiredHeadsetOn...
02-15 09:49:05.709  1828  3646 D HwConnectivityServiceEx: set 10034 wlan0 value false
02-15 09:49:05.711   762  5354 I APM_AudioPolicyManager: getOutputsForDevices, openOutputs size is 2, outputs size is 2
02-15 09:49:05.711 17861 19671 V AudioManager: getStreamVolume streamType: 3 volume: 7
02-15 09:49:05.711 17861 19671 V AudioManager: getStreamMaxVolume  treamType: 3
02-15 09:49:05.713   762  5354 I APM_AudioPolicyManager: getOutputsForDevices, openOutputs size is 2, outputs size is 2
02-15 09:49:05.714 17861 19671 V AudioManager: getStreamVolume streamType: 3 volume: 7
02-15 09:49:05.720 17861 22169 V AudioManager: isWiredHeadsetOn...
02-15 09:49:05.723 17861 22169 W InputMethodSubtype: list size = 2
02-15 09:49:05.724 17861 22169 W InputMethodSubtype: list size = 1
02-15 09:49:05.946  2544  4522 E Booster_Qoe: PreprocessModemData, IsCellularCtx false
02-15 09:49:05.946  2544  4522 I Booster_Qoe: AdaBoostPredict rlt,index:7,NisPsSlow:0,NProba:296,rsrp(rssi):-52,rsrq(noise):-100,rtt(chload):65,buffhigh(uldelay):0,buffcomm(rtt):2
02-15 09:49:05.946  2544  4522 E Booster_Qoe: PreprocessModemData, IsCellularCtx false
02-15 09:49:05.946  2544  4522 I Booster_Qoe: AdaBoostPredict rlt,index:2,NisPsSlow:0,NProba:346,rsrp(rssi):-52,rsrq(noise):-100,rtt(chload):65,buffhigh(uldelay):0,buffcomm(rtt):233
02-15 09:49:05.947  2544  3075 I NetworkQoeProxy: calcChannelNoRx dnsData is not present
02-15 09:49:05.949  2544  3075 E BoosterUtil: convertSubIdToSlotId failed, subId:5, slotId:-1
02-15 09:49:05.949  2544  3075 E BoosterUtil: getDefaultDataSlotId failed, invalid slotId:-1, subId:5
02-15 09:49:05.949  2544  3075 E NrSmartCure: onNetworkQoeUpdate failed, invalid defaultDataSlotId=-1
02-15 09:49:05.949  2544  3075 E FourNetCombinationChr: getNetworkQoeInfo failed, qoeTcpDataOpt is null
02-15 09:49:05.950  2544  3802 I Hicom_Monitor: handleNetworkQoeReport. foregroundAppTcpRtt: 2, maxRatioChannelId: 2
02-15 09:49:05.950  2544  3802 I Hicom_Monitor: handleNetworkQoeReport. qoeString: 10362,4,0,296,1,2,4,0,346,720600,864700,10,10,0,27,18,0
02-15 09:49:05.950  1828  2499 I WiFi_PRO_WifiProStateMachine: APP_SERVICE_QOE_NOTIFY Qoe info 10362,4,0,296,1,2,4,0,346,720600,864700,10,10,0,27,18,0 CID 2 mMasterWifiRssi -52 mMasterCardAmbr 1048576 mSlaveCardAmbr 1048576
02-15 09:49:05.951  1828  2499 I HwWifiProServiceProxy: ctrlHwWifiNetwork pkgName: WIFIPRO_SERVICE interfaceId: 9
02-15 09:49:05.951  1828  2499 I WiFi_PRO_WifiProStateMachine: isWifi2WifiProcess = false, mIsNeedIgnoreQoeUpdate = false, mIsAppInBlacklist = false, mIsAppInBlacklistFullScreen = false, mIsWiFiNoInternet false, screen on = true, full screen = false, isLandscapeMode = false, mNotifyWifiLinkPoorReason = -1
02-15 09:49:05.951  1828  2499 I WiFi_PRO_WifiProStateMachine: mChannelQoeBadCnt = 0, mAppQoeBadCnt = 0, mNetworkSlowReason = 0, mNetworkSlowChannelBadCnt = 0
02-15 09:49:05.953  1828  2499 E WiFi_PROHumanFactorRecommend: isRichTrafficUser, invalid slotId=-1
02-15 09:49:05.954  2544  4522 I Collector: HandleRawWifiInfo: flag:0, netId:0!
02-15 09:49:05.955  1828  2499 E WiFi_PROHumanFactorRecommend: isEconomicTrafficUser, invalid slotId=-1
02-15 09:49:06.109  1828  2386 I WificondControl: Noise: -100, Snr: 28, Chload: 48, rssi: -50, txBitrate: 720, rxBitrate: 864, frequency: 5320, UlDelay: 0, currentTxBytes: 236713469, currentTxPackets: 914450, currentTxFailed: 0, currentRxBytes: 753972883, currentRxPackets: 892749
02-15 09:49:06.111  1828  2386 V HwWifiServiceFactory: get AllImpl object = com.android.server.wifi.HwWifiServiceFactoryImpl@da21258
02-15 09:49:06.166   994 19322 I VIDEO   : VIDEO-[ScdDelRawAfterFilter]:[2542]now scd seg num is abnormal, num is 1, full flag: 0
02-15 09:49:06.279  2544  4591 D LteRecoveryEngine: UnRecoverState processMessage UPDATE_PS_SLOW_VALUE
02-15 09:49:06.581  1828  2385 I TrafficMonitor: update:rxPkts:4,txPkts:4,rxBytes:1319,txBytes:2133
02-15 09:49:06.581  1828  2385 I TrafficMonitor: gettimer:interval=2000
02-15 09:49:06.665   994 19322 I VIDEO   : VIDEO-[ScdDelRawAfterFilter]:[2542]now scd seg num is abnormal, num is 1, full flag: 0
02-15 09:49:06.971  2544  4522 E Booster_Qoe: PreprocessModemData, IsCellularCtx false
02-15 09:49:06.971  2544  4522 I Booster_Qoe: AdaBoostPredict rlt,index:7,NisPsSlow:0,NProba:296,rsrp(rssi):-50,rsrq(noise):-100,rtt(chload):48,buffhigh(uldelay):0,buffcomm(rtt):5
02-15 09:49:06.971  2544  4522 E Booster_Qoe: PreprocessModemData, IsCellularCtx false
02-15 09:49:06.971  2544  4522 I Booster_Qoe: AdaBoostPredict rlt,index:2,NisPsSlow:0,NProba:296,rsrp(rssi):-50,rsrq(noise):-100,rtt(chload):48,buffhigh(uldelay):0,buffcomm(rtt):98
02-15 09:49:06.972  2544  4522 I Collector: HandleRawWifiInfo: flag:0, netId:0!
02-15 09:49:06.972  2544  3075 I NetworkQoeProxy: calcChannelNoRx dnsData is not present
02-15 09:49:06.975  2544  3075 E BoosterUtil: convertSubIdToSlotId failed, subId:5, slotId:-1
02-15 09:49:06.975  2544  3075 E BoosterUtil: getDefaultDataSlotId failed, invalid slotId:-1, subId:5
02-15 09:49:06.975  2544  3075 E NrSmartCure: onNetworkQoeUpdate failed, invalid defaultDataSlotId=-1
02-15 09:49:06.976  2544  3075 E FourNetCombinationChr: getNetworkQoeInfo failed, qoeTcpDataOpt is null
02-15 09:49:06.977  1828  2499 I WiFi_PRO_WifiProStateMachine: APP_SERVICE_QOE_NOTIFY Qoe info 10362,4,0,296,1,2,4,0,296,720600,864700,10,10,0,0,0,0 CID 2 mMasterWifiRssi -50 mMasterCardAmbr 1048576 mSlaveCardAmbr 1048576
02-15 09:49:06.977  2544  3802 I Hicom_Monitor: handleNetworkQoeReport. foregroundAppTcpRtt: 5, maxRatioChannelId: 2
02-15 09:49:06.978  2544  3802 I Hicom_Monitor: handleNetworkQoeReport. qoeString: 10362,4,0,296,1,2,4,0,296,720600,864700,10,10,0,0,0,0
02-15 09:49:06.978  1828  2499 I HwWifiProServiceProxy: ctrlHwWifiNetwork pkgName: WIFIPRO_SERVICE interfaceId: 9
02-15 09:49:06.978  1828  2499 I WiFi_PRO_WifiProStateMachine: isWifi2WifiProcess = false, mIsNeedIgnoreQoeUpdate = false, mIsAppInBlacklist = false, mIsAppInBlacklistFullScreen = false, mIsWiFiNoInternet false, screen on = true, full screen = false, isLandscapeMode = false, mNotifyWifiLinkPoorReason = -1
02-15 09:49:06.978  1828  2499 I WiFi_PRO_WifiProStateMachine: mChannelQoeBadCnt = 0, mAppQoeBadCnt = 0, mNetworkSlowReason = 0, mNetworkSlowChannelBadCnt = 0
02-15 09:49:06.979  1828  2499 E WiFi_PROHumanFactorRecommend: isRichTrafficUser, invalid slotId=-1
02-15 09:49:06.981  1828  2499 E WiFi_PROHumanFactorRecommend: isEconomicTrafficUser, invalid slotId=-1
02-15 09:49:07.128  2544  3075 I SpeedTestNotifier: is low speed scene
02-15 09:49:07.284  2544  4591 D LteRecoveryEngine: UnRecoverState processMessage UPDATE_PS_SLOW_VALUE
02-15 09:49:07.383  1828  2386 I WificondControl: Noise: -100, Snr: 19, Chload: 74, rssi: -50, txBitrate: 720, rxBitrate: 864, frequency: 5320, UlDelay: 0, currentTxBytes: 236715664, currentTxPackets: 914453, currentTxFailed: 0, currentRxBytes: 753974196, currentRxPackets: 892753
02-15 09:49:07.385  1828  2502 D HuaweiWifiWatchdogStateMachine: nothing to do
02-15 09:49:07.385  1828  2502 I HuaweiWifiWatchdogStateMachine: POta txb txg rxg:0, 17, 0. Lr =0% Totpkt=17
02-15 09:49:07.385  1828  2385 I WiFi_PRO: MSG_RETURN_AP_CURRY_RSSI rssi = -50
02-15 09:49:07.385  1828  2385 I QosMonitor: queryRtt: rttType = 3
02-15 09:49:07.386  1828  2520 I HwDualBandManager: handle2gApStrongWifiRssiChange
02-15 09:49:07.386  1828  2385 I HwWifiProServiceProxy: ctrlHwWifiNetwork pkgName: WIFIPRO_SERVICE interfaceId: 8
02-15 09:49:07.387  1828  2385 I QosMonitor: postEventFromNative: msg=100,arg1=4,arg2=10
02-15 09:49:07.387  1828  2385 I HwWifiProServiceProxy: ctrlHwWifiNetwork pkgName: WIFIPRO_SERVICE interfaceId: 8
02-15 09:49:07.387  1828  2385 I QosMonitor: postEventFromNative: msg=100,arg1=0,arg2=10
02-15 09:49:07.387  1828  2385 D HuaweiWifiWatchdogStateMachine: nothing to do
02-15 09:49:07.388  1828  2385 I MQoS    : rtt=88,tcpTxPkts=4188036,tcpRxPkts=7231674
02-15 09:49:07.388  1828  2385 I QosMonitor: resetRtt: rttType = 3
02-15 09:49:07.388  1828  2385 I HwWifiProServiceProxy: ctrlHwWifiNetwork pkgName: WIFIPRO_SERVICE interfaceId: 8
02-15 09:49:07.388  1828  9479 D HwConnectivityServiceEx: set 1000 wlan0 value false
02-15 09:49:07.388  1828  9479 I MQoS    : QOS_level:0(0),DataDisable;use level-0
02-15 09:49:07.389  1828  2502 I HuaweiWifiWatchdogStateMachine: PTcp RTT:88, rtt pkt=97, tcp_rx=12, tcp_tx=12, tcp_reTran=0, rtRate=0
02-15 09:49:07.390  1828  2502 I HuaweiWifiWatchdogStateMachine: start computeQosLevel tcpRtt = 88 ,rssi = -50 ,mBestSpeedInPeriod = 0
02-15 09:49:07.390  1828  2502 I HuaweiWifiWatchdogStateMachine: smoothConsecutiveQosResults, currentQosLevel = 3
02-15 09:49:07.539  1828  3646 D HwConnectivityServiceEx: set 10151 wlan0 value false
02-15 09:49:07.576  1828  2385 I TrafficMonitor: expired arrive. level:-1
02-15 09:49:07.576  1828  2385 I TrafficMonitor: during_ms:2004,period_ms:2000
02-15 09:49:07.576  1828  2385 I TrafficMonitor: count:372,rx_sum:4,tx_sum:4,rxBytes:1319,during_ms:2004,rx_speed:658.183632734531,tx_speed:1064.37125748503,rto:1.0
02-15 09:49:07.576  1828  2385 I HuaweiWifiWatchdogStateMachine: Get speed information rx_speed = 658 ,tx_speed = 1064 ,isSpeedOk = false ,mBestSpeedInPeriod = 658
02-15 09:49:07.999  2544  4522 E Booster_Qoe: PreprocessModemData, IsCellularCtx false
02-15 09:49:07.999  2544  4522 I Booster_Qoe: AdaBoostPredict rlt,index:7,NisPsSlow:0,NProba:296,rsrp(rssi):-50,rsrq(noise):-100,rtt(chload):74,buffhigh(uldelay):0,buffcomm(rtt):2
02-15 09:49:07.999  2544  4522 E Booster_Qoe: PreprocessModemData, IsCellularCtx false
02-15 09:49:07.999  2544  4522 I Booster_Qoe: AdaBoostPredict rlt,index:2,NisPsSlow:0,NProba:296,rsrp(rssi):-50,rsrq(noise):-100,rtt(chload):74,buffhigh(uldelay):0,buffcomm(rtt):39
02-15 09:49:07.999  2544  3075 I NetworkQoeProxy: calcChannelNoRx dnsData is not present
02-15 09:49:08.003  2544  3075 E BoosterUtil: convertSubIdToSlotId failed, subId:5, slotId:-1
02-15 09:49:08.003  2544  3075 E BoosterUtil: getDefaultDataSlotId failed, invalid slotId:-1, subId:5
02-15 09:49:08.003  2544  3075 E NrSmartCure: onNetworkQoeUpdate failed, invalid defaultDataSlotId=-1
02-15 09:49:08.003  2544  3075 E FourNetCombinationChr: getNetworkQoeInfo failed, qoeTcpDataOpt is null
02-15 09:49:08.004  2544  4522 I Collector: HandleRawWifiInfo: flag:0, netId:0!
02-15 09:49:08.004  2544  3802 I Hicom_Monitor: handleNetworkQoeReport. foregroundAppTcpRtt: 2, maxRatioChannelId: 2
02-15 09:49:08.004  2544  3802 I Hicom_Monitor: handleNetworkQoeReport. qoeString: 10362,4,0,296,1,2,4,0,296,720600,864700,10,10,0,17,10,0
02-15 09:49:08.004  1828  2499 I WiFi_PRO_WifiProStateMachine: APP_SERVICE_QOE_NOTIFY Qoe info 10362,4,0,296,1,2,4,0,296,720600,864700,10,10,0,17,10,0 CID 2 mMasterWifiRssi -50 mMasterCardAmbr 1048576 mSlaveCardAmbr 1048576
02-15 09:49:08.005  1828  2499 I HwWifiProServiceProxy: ctrlHwWifiNetwork pkgName: WIFIPRO_SERVICE interfaceId: 9
02-15 09:49:08.005  1828  2499 I WiFi_PRO_WifiProStateMachine: isWifi2WifiProcess = false, mIsNeedIgnoreQoeUpdate = false, mIsAppInBlacklist = false, mIsAppInBlacklistFullScreen = false, mIsWiFiNoInternet false, screen on = true, full screen = false, isLandscapeMode = false, mNotifyWifiLinkPoorReason = -1
02-15 09:49:08.006  1828  2499 I WiFi_PRO_WifiProStateMachine: mChannelQoeBadCnt = 0, mAppQoeBadCnt = 0, mNetworkSlowReason = 0, mNetworkSlowChannelBadCnt = 0
02-15 09:49:08.007  1828  2499 E WiFi_PROHumanFactorRecommend: isRichTrafficUser, invalid slotId=-1
02-15 09:49:08.012  1828  2499 E WiFi_PROHumanFactorRecommend: isEconomicTrafficUser, invalid slotId=-1
02-15 09:49:08.287  2544  4591 D LteRecoveryEngine: UnRecoverState processMessage UPDATE_PS_SLOW_VALUE
02-15 09:49:08.585  1828  2385 I TrafficMonitor: update:rxPkts:4,txPkts:12,rxBytes:1319,txBytes:2613
02-15 09:49:08.585  1828  2385 I TrafficMonitor: gettimer:interval=2000
